
> natural-remedy-website@0.1.0 build
> next build

  Ôû▓ Next.js 14.2.18

   Creating an optimized production build ...
 Ô£ô Compiled successfully
   Linting and checking validity of types ...
   Collecting page data ...
   Generating static pages (0/21) ...
   Generating static pages (5/21) 
   Generating static pages (10/21) 
   Generating static pages (15/21) 
 Ô£ô Generating static pages (21/21)
   Finalizing page optimization ...
   Collecting build traces ...

Route (app)                              Size     First Load JS
Ôöî Ôùï /                                    186 B          99.2 kB
Ôö£ Ôùï /_not-found                          873 B            88 kB
Ôö£ Ôùï /admin                               136 B          87.3 kB
Ôö£ Ôùï /admin/dashboard                     2.74 kB        89.9 kB
Ôö£ Ôùï /admin/messages                      3.26 kB        90.4 kB
Ôö£ Ôùï /admin/products                      4.8 kB         98.7 kB
Ôö£ Ôùï /admin/settings                      3.67 kB        90.8 kB
Ôö£ ãÆ /api/messages                        0 B                0 B
Ôö£ ãÆ /api/orders                          0 B                0 B
Ôö£ ãÆ /api/products                        0 B                0 B
Ôö£ Ôùï /api/settings                        0 B                0 B
Ôö£ Ôùï /api/stats                           0 B                0 B
Ôö£ Ôùï /blood-pressure                      1.24 kB        93.4 kB
Ôö£ Ôùï /diabetes                            1.24 kB        93.4 kB
Ôö£ Ôùï /ed-sexual-health                    1.24 kB        93.4 kB
Ôö£ Ôùï /infection                           1.24 kB        93.4 kB
Ôö£ Ôùï /joint-pain                          1.24 kB        93.4 kB
Ôö£ Ôùï /prostate                            1.24 kB        93.4 kB
Ôöö Ôùï /ulcer                               1.24 kB        93.4 kB
+ First Load JS shared by all            87.1 kB
  Ôö£ chunks/117-bb979b59794d2a7a.js       31.6 kB
  Ôö£ chunks/fd9d1056-4a43c3ba43a0759a.js  53.6 kB
  Ôöö other shared chunks (total)          1.89 kB


Ôùï  (Static)   prerendered as static content
ãÆ  (Dynamic)  server-rendered on demand

